// Jest Snapshot v1, https://goo.gl/fbAQLP

exports[`Error Boundary supports a render prop 1`] = `
<div>
  <div>
    I am an error
  </div>
</div>
`;
