// Jest Snapshot v1, https://goo.gl/fbAQLP

exports[`renders when it doesn't have any results or a result search term 1`] = `
<div>
  <div
    class="sui-paging-info"
  >
    Showing
     
    <strong>
      1
       - 
      20
    </strong>
     
    out of 
    <strong>
      100
    </strong>
  </div>
</div>
`;

exports[`supports a render prop 1`] = `
<div>
  <div>
    1
    20
  </div>
</div>
`;
