// Jest Snapshot v1, https://goo.gl/fbAQLP

exports[`renders the component with custom page options 1`] = `
<div
  className="sui-results-per-page"
>
  <div
    className="sui-results-per-page__label"
  >
    Show
  </div>
  <ForwardRef
    className="sui-select sui-select--inline"
    classNamePrefix="sui-select"
    components={
      Object {
        "Option": [Function],
      }
    }
    isSearchable={false}
    onChange={[Function]}
    options={
      Array [
        Object {
          "label": 5,
          "value": 5,
        },
        Object {
          "label": 10,
          "value": 10,
        },
        Object {
          "label": 15,
          "value": 15,
        },
      ]
    }
    styles={
      Object {
        "control": [Function],
        "dropdownIndicator": [Function],
        "indicatorSeparator": [Function],
        "option": [Function],
        "singleValue": [Function],
        "valueContainer": [Function],
      }
    }
    value={
      Object {
        "label": 10,
        "value": 10,
      }
    }
  />
</div>
`;

exports[`supports a render prop 1`] = `
<div>
  20
</div>
`;
