// Jest Snapshot v1, https://goo.gl/fbAQLP

exports[`renders correctly 1`] = `
<div>
  <button
    class="sui-layout-sidebar-toggle"
    hidden=""
    type="button"
  >
    Show Filters
  </button>
  <div
    class="sui-layout-sidebar"
  >
    <button
      class="sui-layout-sidebar-toggle"
      hidden=""
      type="button"
    >
      Save Filters
    </button>
    Hello world!
  </div>
</div>
`;
