// Jest Snapshot v1, https://goo.gl/fbAQLP

exports[`renders correctly 1`] = `
<div>
  <div
    class="sui-layout"
  >
    <div
      class="sui-layout-header"
    >
      <div
        class="sui-layout-header__inner"
      >
        <div>
          Header
        </div>
      </div>
    </div>
    <div
      class="sui-layout-body"
    >
      <div
        class="sui-layout-body__inner"
      >
        <button
          class="sui-layout-sidebar-toggle"
          hidden=""
          type="button"
        >
          Show Filters
        </button>
        <div
          class="sui-layout-sidebar"
        >
          <button
            class="sui-layout-sidebar-toggle"
            hidden=""
            type="button"
          >
            Save Filters
          </button>
          <div>
            <div>
              Side Content
            </div>
          </div>
        </div>
        <div
          class="sui-layout-main"
        >
          <div
            class="sui-layout-main-header"
          >
            <div
              class="sui-layout-main-header__inner"
            >
              <div>
                Body Header
              </div>
            </div>
          </div>
          <div
            class="sui-layout-main-body"
          >
            <div>
              Body Content
            </div>
          </div>
          <div
            class="sui-layout-main-footer"
          >
            <div>
              Body Footer
            </div>
          </div>
        </div>
      </div>
    </div>
  </div>
</div>
`;

exports[`will accept children instead of bodyContent 1`] = `
<div>
  <div
    class="sui-layout"
  >
    <div
      class="sui-layout-header"
    >
      <div
        class="sui-layout-header__inner"
      >
        <div>
          Header
        </div>
      </div>
    </div>
    <div
      class="sui-layout-body"
    >
      <div
        class="sui-layout-body__inner"
      >
        <button
          class="sui-layout-sidebar-toggle"
          hidden=""
          type="button"
        >
          Show Filters
        </button>
        <div
          class="sui-layout-sidebar"
        >
          <button
            class="sui-layout-sidebar-toggle"
            hidden=""
            type="button"
          >
            Save Filters
          </button>
          <div>
            <div>
              Side Content
            </div>
          </div>
        </div>
        <div
          class="sui-layout-main"
        >
          <div
            class="sui-layout-main-header"
          >
            <div
              class="sui-layout-main-header__inner"
            >
              <div>
                Body Header
              </div>
            </div>
          </div>
          <div
            class="sui-layout-main-body"
          >
            <div>
              Body Content
            </div>
          </div>
          <div
            class="sui-layout-main-footer"
          >
            <div>
              Body Footer
            </div>
          </div>
        </div>
      </div>
    </div>
  </div>
</div>
`;
