// Jest Snapshot v1, https://goo.gl/fbAQLP

exports[`Autocomplete renders correctly 1`] = `
<div>
  <div
    class="sui-search-box__autocomplete-container"
  >
    <div>
      <div
        class="sui-search-box__section-title"
      >
        Suggested
      </div>
      <ul
        class="sui-search-box__suggestion-list"
      >
        <li
          data-transaction-name="query suggestion"
          index="0"
          item="[object Object]"
        >
          <span>
            bike
          </span>
        </li>
        <li
          data-transaction-name="query suggestion"
          index="1"
          item="[object Object]"
        >
          <span>
            bike police
          </span>
        </li>
        <li
          data-transaction-name="query suggestion"
          index="2"
          item="[object Object]"
        >
          <span>
            bike police go
          </span>
        </li>
      </ul>
      <div
        class="sui-search-box__section-title"
      >
        Popular
      </div>
      <ul
        class="sui-search-box__suggestion-list"
      >
        <li
          data-transaction-name="query suggestion"
          index="3"
          item="[object Object]"
        >
          <span>
            bike police
          </span>
        </li>
      </ul>
      <div
        class="sui-search-box__section-title"
      >
        Results
      </div>
      <ul
        class="sui-search-box__results-list"
      >
        <li
          index="4"
          item="[object Object]"
        >
          <span>
            <em>
              Bike
            </em>
             Cops
          </span>
        </li>
        <li
          index="5"
          item="[object Object]"
        >
          <span>
            <em>
              Biker
            </em>
             Gang
          </span>
        </li>
        <li
          index="6"
          item="[object Object]"
        >
          <span>
            <em>
              Biker
            </em>
             Bar
          </span>
        </li>
      </ul>
    </div>
  </div>
</div>
`;
