// Jest Snapshot v1, https://goo.gl/fbAQLP

exports[`renders 1`] = `
<div>
  <fieldset
    class="sui-facet"
  >
    <legend
      class="sui-facet__title"
    >
      A Facet
    </legend>
    <div
      class="sui-boolean-facet"
    >
      <div
        class="sui-boolean-facet__option-input-wrapper"
      >
        <label
          class="sui-boolean-facet__option-label"
        >
          <div
            class="sui-boolean-facet__option-input-wrapper"
          >
            <input
              class="sui-boolean-facet__checkbox"
              data-transaction-name="facet - A Facet"
              type="checkbox"
            />
            <span
              class="sui-boolean-facet__input-text"
            >
              A Facet
            </span>
          </div>
          <span
            class="sui-boolean-facet__option-count"
          >
            10
          </span>
        </label>
      </div>
    </div>
  </fieldset>
</div>
`;

exports[`will not render when there are no true options 1`] = `<div />`;
