// Jest Snapshot v1, https://goo.gl/fbAQLP

exports[`renders correctly 1`] = `
<div>
  <ul
    class="sui-results-container"
  >
    <div>
      Children
    </div>
  </ul>
</div>
`;
